// Jest Snapshot v1, https://goo.gl/fbAQLP

exports[`Navbar 1`] = `
<nav
  className="navbar-0-2-1"
  title="navbar"
>
  <img
    alt="IPL Logo"
    className="logo-0-2-2"
    src="Logo.png"
    title="img"
  />
</nav>
`;
