// Jest Snapshot v1, https://goo.gl/fbAQLP

exports[`Teams 1`] = `null`;
